
  .   ____          _            __ _ _
 /\\ / ___'_ __ _ _(_)_ __  __ _ \ \ \ \
( ( )\___ | '_ | '_| | '_ \/ _` | \ \ \ \
 \\/  ___)| |_)| | | | | || (_| |  ) ) ) )
  '  |____| .__|_| |_|_| |_\__, | / / / /
 =========|_|==============|___/=/_/_/_/
 :: Spring Boot ::                (v3.2.5)

2026-08-31T21:26:23.538+06:30  INFO 20688 --- [           main] com.unicconnect.UniConnectApplication    : Starting UniConnectApplication v0.0.1-SNAPSHOT using Java 21.0.11 with PID 20688 (D:\UniConnect\UniConnectServer-V2\UniConnectServer\target\unicconnect-api-0.0.1-SNAPSHOT.jar started by Khaing Zin Phyo in D:\UniConnect\UniConnectServer-V2\UniConnectServer)
2026-08-31T21:26:23.544+06:30 DEBUG 20688 --- [           main] com.unicconnect.UniConnectApplication    : Running with Spring Boot v3.2.5, Spring v6.1.6
2026-08-31T21:26:23.546+06:30  INFO 20688 --- [           main] com.unicconnect.UniConnectApplication    : The following 1 profile is active: "dev"
2026-08-31T21:26:25.975+06:30  INFO 20688 --- [           main] .s.d.r.c.RepositoryConfigurationDelegate : Bootstrapping Spring Data JPA repositories in DEFAULT mode.
2026-08-31T21:26:26.277+06:30  INFO 20688 --- [           main] .s.d.r.c.RepositoryConfigurationDelegate : Finished Spring Data repository scanning in 277 ms. Found 27 JPA repository interfaces.
2026-08-31T21:26:28.028+06:30  INFO 20688 --- [           main] o.s.b.w.embedded.tomcat.TomcatWebServer  : Tomcat initialized with port 8080 (http)
2026-08-31T21:26:28.065+06:30  INFO 20688 --- [           main] o.apache.catalina.core.StandardService   : Starting service [Tomcat]
2026-08-31T21:26:28.065+06:30  INFO 20688 --- [           main] o.apache.catalina.core.StandardEngine    : Starting Servlet engine: [Apache Tomcat/10.1.20]
2026-08-31T21:26:28.152+06:30  INFO 20688 --- [           main] o.a.c.c.C.[Tomcat].[localhost].[/]       : Initializing Spring embedded WebApplicationContext
2026-08-31T21:26:28.154+06:30  INFO 20688 --- [           main] w.s.c.ServletWebServerApplicationContext : Root WebApplicationContext: initialization completed in 4385 ms
2026-08-31T21:26:28.305+06:30 DEBUG 20688 --- [           main] c.u.security.JwtAuthenticationFilter     : Filter 'jwtAuthenticationFilter' configured for use
2026-08-31T21:26:28.616+06:30  INFO 20688 --- [           main] o.hibernate.jpa.internal.util.LogHelper  : HHH000204: Processing PersistenceUnitInfo [name: default]
2026-08-31T21:26:28.791+06:30  INFO 20688 --- [           main] org.hibernate.Version                    : HHH000412: Hibernate ORM core version 6.4.4.Final
2026-08-31T21:26:28.876+06:30  INFO 20688 --- [           main] o.h.c.internal.RegionFactoryInitiator    : HHH000026: Second-level cache disabled
2026-08-31T21:26:29.495+06:30  INFO 20688 --- [           main] o.s.o.j.p.SpringPersistenceUnitInfo      : No LoadTimeWeaver setup: ignoring JPA class transformer
2026-08-31T21:26:29.561+06:30  INFO 20688 --- [           main] com.zaxxer.hikari.HikariDataSource       : HikariPool-1 - Starting...
2026-08-31T21:26:29.599+06:30  INFO 20688 --- [           main] com.zaxxer.hikari.HikariDataSource       : HikariPool-1 - Start completed.
2026-08-31T21:26:32.142+06:30  WARN 20688 --- [           main] org.hibernate.orm.deprecation            : HHH90000025: PostgreSQLDialect does not need to be specified explicitly using 'hibernate.dialect' (remove the property setting and it will be selected by default)
2026-08-31T21:26:35.235+06:30  INFO 20688 --- [           main] o.h.e.t.j.p.i.JtaPlatformInitiator       : HHH000489: No JTA platform available (set 'hibernate.transaction.jta.platform' to enable JTA platform integration)
2026-08-31T21:26:36.118+06:30  INFO 20688 --- [           main] j.LocalContainerEntityManagerFactoryBean : Initialized JPA EntityManagerFactory for persistence unit 'default'
2026-08-31T21:26:37.063+06:30  INFO 20688 --- [           main] o.s.d.j.r.query.QueryEnhancerFactory     : Hibernate is in classpath; If applicable, HQL parser will be used.
2026-08-31T21:26:40.728+06:30  INFO 20688 --- [           main] com.unicconnect.service.StorageService   : StorageService active mode: local
2026-08-31T21:26:42.225+06:30  INFO 20688 --- [           main] o.s.s.web.DefaultSecurityFilterChain     : Will secure any request with [org.springframework.security.web.session.DisableEncodeUrlFilter@101e75ab, org.springframework.security.web.context.request.async.WebAsyncManagerIntegrationFilter@20652a8b, org.springframework.security.web.context.SecurityContextHolderFilter@62f9a2b, org.springframework.security.web.header.HeaderWriterFilter@737fbdc2, org.springframework.web.filter.CorsFilter@267f174a, org.springframework.security.web.authentication.logout.LogoutFilter@6125b27a, com.unicconnect.security.JwtAuthenticationFilter@4fecf308, org.springframework.security.web.savedrequest.RequestCacheAwareFilter@78b283fb, org.springframework.security.web.servletapi.SecurityContextHolderAwareRequestFilter@7488a9ac, org.springframework.security.web.authentication.AnonymousAuthenticationFilter@5a9886c7, org.springframework.security.web.session.SessionManagementFilter@16c5e7ad, org.springframework.security.web.access.ExceptionTranslationFilter@4e80ba38, org.springframework.security.web.access.intercept.AuthorizationFilter@65babe35]
2026-08-31T21:26:42.816+06:30  INFO 20688 --- [           main] o.s.b.w.embedded.tomcat.TomcatWebServer  : Tomcat started on port 8080 (http) with context path ''
2026-08-31T21:26:42.844+06:30  INFO 20688 --- [           main] com.unicconnect.UniConnectApplication    : Started UniConnectApplication in 20.388 seconds (process running for 21.548)
2026-08-31T21:26:43.969+06:30  INFO 20688 --- [           main] com.unicconnect.config.DataInitializer   : Roles seeded successfully
2026-08-31T21:26:45.916+06:30  INFO 20688 --- [           main] com.unicconnect.config.DataInitializer   : Positions seeded successfully
2026-08-31T21:26:46.121+06:30  INFO 20688 --- [           main] c.unicconnect.config.DevDataInitializer  : === Dev profile active: seeding development data ===
2026-08-31T21:26:49.948+06:30  INFO 20688 --- [           main] c.unicconnect.config.DevDataInitializer  : Organizational units seeded
2026-08-31T21:26:50.266+06:30  INFO 20688 --- [           main] c.unicconnect.config.DevDataInitializer  : Semesters seeded (1-8)
